<html>
<body>
<pre>
<h1>µVision Build Log</h1>
<h2>Project:</h2>
C:\Keil\Labware\Lab6_BranchingFunctionsDelays\Lab6.uvproj
Project File Date:  02/21/2016

<h2>Output:</h2>
Build target 'Lab6'
assembling startup.s...
compiling BranchingFunctionsDelays.c...
linking...
Program Size: Code=3512 RO-data=5996 RW-data=56 ZI-data=1752  
".\Lab6.axf" - 0 Error(s), 0 Warning(s).
"git" gui citool
what will be committed)
  (use "git checkout -- <file>..." to discard changes in working directory)
        modified:   Lab6.uvopt
        modified:   Lab6_uvopt.bak
no changes added to commit (use "git add" and/or "git commit -a")
"git" add C:\Keil\Labware\Lab6_BranchingFunctionsDelays\Lab6.uvproj
"git" add C:\Keil\Labware\Lab6_BranchingFunctionsDelays\Startup.s
"git" add C:\Keil\Labware\Lab6_BranchingFunctionsDelays\BranchingFunctionsDelays.c
"git" add C:\Keil\Labware\Lab6_BranchingFunctionsDelays\texas.o
"git" add C:\Keil\Labware\Lab6_BranchingFunctionsDelays\Abstracto.txt
"git" commit -m C:\Users\VALERY~1\AppData\Local\Temp\Sccs25
On branch master
Your branch is ahead of 'origin/master' by 1 commit.
  (use "git push" to publish your local commits)
Changes not staged for commit:
        modified:   Lab6.build_log.htm
        modified:   Lab6.uvopt
        modified:   Lab6_uvopt.bak
no changes added to commit
"git" gui citool
